Γùç injected env (3) from .env // tip: Γîÿ enable debugging { debug: true }

≡ƒô¥ 1. Testing Register...
node : Γ¥î Error: Request failed with 
status code 500
At line:1 char:1
+ node test-endpoints.js > 
test_output.txt 2>&1
+ ~~~~~~~~~~~~~~~~~~~~~~~~~~~~~~~~~~~~~~~
~~~~~~
    + CategoryInfo          : NotSpecifi 
   ed: (Γ¥î Error: Requ...status code 5  
  00:String) [], RemoteException
    + FullyQualifiedErrorId : NativeComm 
   andError
 
